#-----------------------------------------------------------
# Vivado v2020.2 (64-bit)
# SW Build 3064766 on Wed Nov 18 09:12:45 MST 2020
# IP Build 3064653 on Wed Nov 18 14:17:31 MST 2020
# Start of session at: Mon Dec  7 14:05:37 2020
# Process ID: 17864
# Current directory: C:/Users/Labmems/Desktop/David Eduardo/Proy_Final
# Command line: vivado.exe -gui_launcher_event rodinguilauncherevent20316 C:\Users\Labmems\Desktop\David Eduardo\Proy_Final\Proy_Final.xpr
# Log file: C:/Users/Labmems/Desktop/David Eduardo/Proy_Final/vivado.log
# Journal file: C:/Users/Labmems/Desktop/David Eduardo/Proy_Final\vivado.jou
#-----------------------------------------------------------
start_gui
open_project {C:/Users/Labmems/Desktop/David Eduardo/Proy_Final/Proy_Final.xpr}
report_ip_status -name ip_status 
update_compile_order -fileset sources_1
upgrade_ip -srcset clk_wiz_100 -vlnv xilinx.com:ip:clk_wiz:6.0 [get_ips  clk_wiz_100] -log ip_upgrade.log
export_ip_user_files -of_objects [get_ips clk_wiz_100] -no_script -sync -force -quiet
update_compile_order -fileset sources_1
upgrade_ip -srcset clk_wiz_50 -vlnv xilinx.com:ip:clk_wiz:6.0 [get_ips  clk_wiz_50] -log ip_upgrade.log
export_ip_user_files -of_objects [get_ips clk_wiz_50] -no_script -sync -force -quiet
update_compile_order -fileset sources_1
launch_runs impl_1 -to_step write_bitstream -jobs 6
wait_on_run impl_1
open_hw_manager
connect_hw_server -allow_non_jtag
open_hw_target
set_property PROGRAM.FILE {C:/Users/Labmems/Desktop/David Eduardo/Proy_Final/Proy_Final.runs/impl_1/Nexys4DdrUserDemo.bit} [get_hw_devices xc7a100t_0]
current_hw_device [get_hw_devices xc7a100t_0]
refresh_hw_device -update_hw_probes false [lindex [get_hw_devices xc7a100t_0] 0]
set_property PROBES.FILE {} [get_hw_devices xc7a100t_0]
set_property FULL_PROBES.FILE {} [get_hw_devices xc7a100t_0]
set_property PROGRAM.FILE {C:/Users/Labmems/Desktop/David Eduardo/Proy_Final/Proy_Final.runs/impl_1/Nexys4DdrUserDemo.bit} [get_hw_devices xc7a100t_0]
program_hw_devices [get_hw_devices xc7a100t_0]
refresh_hw_device [lindex [get_hw_devices xc7a100t_0] 0]
reset_run synth_1
launch_runs impl_1 -to_step write_bitstream -jobs 6
wait_on_run impl_1
set_property PROBES.FILE {} [get_hw_devices xc7a100t_0]
set_property FULL_PROBES.FILE {} [get_hw_devices xc7a100t_0]
set_property PROGRAM.FILE {C:/Users/Labmems/Desktop/David Eduardo/Proy_Final/Proy_Final.runs/impl_1/Nexys4DdrUserDemo.bit} [get_hw_devices xc7a100t_0]
program_hw_devices [get_hw_devices xc7a100t_0]
refresh_hw_device [lindex [get_hw_devices xc7a100t_0] 0]
reset_run synth_1
launch_runs impl_1 -to_step write_bitstream -jobs 6
wait_on_run impl_1
set_property PROBES.FILE {} [get_hw_devices xc7a100t_0]
set_property FULL_PROBES.FILE {} [get_hw_devices xc7a100t_0]
set_property PROGRAM.FILE {C:/Users/Labmems/Desktop/David Eduardo/Proy_Final/Proy_Final.runs/impl_1/Nexys4DdrUserDemo.bit} [get_hw_devices xc7a100t_0]
program_hw_devices [get_hw_devices xc7a100t_0]
refresh_hw_device [lindex [get_hw_devices xc7a100t_0] 0]
disconnect_hw_server localhost:3121
connect_hw_server -allow_non_jtag
open_hw_target
set_property PROBES.FILE {} [get_hw_devices xc7a100t_0]
set_property FULL_PROBES.FILE {} [get_hw_devices xc7a100t_0]
set_property PROGRAM.FILE {C:/Users/Labmems/Desktop/David Eduardo/Proy_Final/Proy_Final.runs/impl_1/Nexys4DdrUserDemo.bit} [get_hw_devices xc7a100t_0]
program_hw_devices [get_hw_devices xc7a100t_0]
refresh_hw_device [lindex [get_hw_devices xc7a100t_0] 0]
set_property PROBES.FILE {} [get_hw_devices xc7a100t_0]
set_property FULL_PROBES.FILE {} [get_hw_devices xc7a100t_0]
set_property PROGRAM.FILE {C:/Users/Labmems/Desktop/David Eduardo/Proy_Final/Proy_Final.runs/impl_1/Nexys4DdrUserDemo.bit} [get_hw_devices xc7a100t_0]
program_hw_devices [get_hw_devices xc7a100t_0]
refresh_hw_device [lindex [get_hw_devices xc7a100t_0] 0]
set_property PROBES.FILE {} [get_hw_devices xc7a100t_0]
set_property FULL_PROBES.FILE {} [get_hw_devices xc7a100t_0]
set_property PROGRAM.FILE {C:/Users/Labmems/Desktop/David Eduardo/Proy_Final/Proy_Final.runs/impl_1/Nexys4DdrUserDemo.bit} [get_hw_devices xc7a100t_0]
program_hw_devices [get_hw_devices xc7a100t_0]
refresh_hw_device [lindex [get_hw_devices xc7a100t_0] 0]
reset_run synth_1
launch_runs impl_1 -to_step write_bitstream -jobs 6
wait_on_run impl_1
reset_run synth_1
launch_runs impl_1 -to_step write_bitstream -jobs 6
wait_on_run impl_1
set_property PROBES.FILE {} [get_hw_devices xc7a100t_0]
set_property FULL_PROBES.FILE {} [get_hw_devices xc7a100t_0]
set_property PROGRAM.FILE {C:/Users/Labmems/Desktop/David Eduardo/Proy_Final/Proy_Final.runs/impl_1/Nexys4DdrUserDemo.bit} [get_hw_devices xc7a100t_0]
program_hw_devices [get_hw_devices xc7a100t_0]
refresh_hw_device [lindex [get_hw_devices xc7a100t_0] 0]
reset_run synth_1
launch_runs impl_1 -to_step write_bitstream -jobs 6
wait_on_run impl_1
set_property PROBES.FILE {} [get_hw_devices xc7a100t_0]
set_property FULL_PROBES.FILE {} [get_hw_devices xc7a100t_0]
set_property PROGRAM.FILE {C:/Users/Labmems/Desktop/David Eduardo/Proy_Final/Proy_Final.runs/impl_1/Nexys4DdrUserDemo.bit} [get_hw_devices xc7a100t_0]
program_hw_devices [get_hw_devices xc7a100t_0]
refresh_hw_device [lindex [get_hw_devices xc7a100t_0] 0]
